[www.goldenaesthetics.in/before-after.html]
[www.goldenaesthetics.in/images/Favicon.png]
[backblue.gif]
[fade.gif]
[index.html]
[cdn.jsdelivr.net/npm/bootstrap@5.0.0-beta3/dist/css/bootstrap.min.css]
[cdnjs.cloudflare.com/ajax/libs/font-awesome/4.7.0/css/font-awesome.min.css]
[unpkg.com/swiper/swiper-bundle.5.delayed]
[unpkg.com/swiper@11.0.5/swiper-bundle.css]
[www.goldenaesthetics.in/css/style.css]
[www.goldenaesthetics.in/venobox/venobox.css]
[www.goldenaesthetics.in/logo/golden.png]
[www.goldenaesthetics.in/images/logo.png]
[www.goldenaesthetics.in/about-us.html]
[www.goldenaesthetics.in/index.html]
[www.goldenaesthetics.in/service.html]
[www.goldenaesthetics.in/services_detail/best-hair-transplant-clinic-in-punjab.html]
[www.goldenaesthetics.in/services_detail/beard-transplant-in-india.html]
[www.goldenaesthetics.in/services_detail/eyebrow-transplant-in-india.html]
[www.goldenaesthetics.in/services_detail/hair-transplant-for-women-in-india.html]
[www.goldenaesthetics.in/services_detail/hair-transplant-for-mens.html]
[www.goldenaesthetics.in/services_detail/dimple-creation-in-india.html]
[www.goldenaesthetics.in/services_detail/nose-plastic-surgery-in-india.html]
[www.goldenaesthetics.in/services_detail/eyelid-plastic-surgery.html]
[www.goldenaesthetics.in/services_detail/body-contouring-surgery-in-india.html]
[www.goldenaesthetics.in/services_detail/best-gynecomastia-surgery-in-india.html]
[www.goldenaesthetics.in/services_detail/best-liposuction-surgery-in-india.html]
[www.goldenaesthetics.in/services_detail/hymenoplasty-surgery-in-india.html]
[www.goldenaesthetics.in/services_detail/plastic-surgery-for-scars-on-face.html]
[www.goldenaesthetics.in/services_detail/otoplasty-surgery-in-india.html]
[www.goldenaesthetics.in/services_detail/tummy-tuck-in-india.html]
[www.goldenaesthetics.in/services_detail/face-split-earlobe-repair-in-india.html]
[www.goldenaesthetics.in/services_detail/face-lift-plastic-surgery-in-india.html]
[www.goldenaesthetics.in/services_detail/dermal-filler-treatment-in-india.html]
[www.goldenaesthetics.in/services_detail/breast-augmentation-surgery-in-india.html]
[www.goldenaesthetics.in/services_detail/thread-lift-treatment-in-india.html]
[www.goldenaesthetics.in/services_detail/chemical-peel-treatment-in-india.html]
[www.goldenaesthetics.in/services_detail/plasma-hair-treatment.html]
[www.goldenaesthetics.in/services_detail/plasma-face-treatment.html]
[www.goldenaesthetics.in/services_detail/mesotherapy-face-treatment.html]
[www.goldenaesthetics.in/services_detail/mesotherapy-hair-treatment.html]
[www.goldenaesthetics.in/media-events.html]
[www.goldenaesthetics.in/gallery.html]
[www.goldenaesthetics.in/logo/black.png]
[www.goldenaesthetics.in/medical-tourism.html]
[www.goldenaesthetics.in/blog.html]
[www.goldenaesthetics.in/contact-us.html]
[www.goldenaesthetics.in/images/aboutbg.png]
[www.goldenaesthetics.in/images/servicebg.png]
[www.goldenaesthetics.in/images/add-button.png]
[www.goldenaesthetics.in/uploads/before_after/1 (1).jpg]
[www.goldenaesthetics.in/uploads/before_after/2 (1).jpg]
[www.goldenaesthetics.in/uploads/before_after/8.jpg]
[www.goldenaesthetics.in/uploads/before_after/10.jpg]
[www.goldenaesthetics.in/uploads/before_after/11.jpg]
[www.goldenaesthetics.in/uploads/before_after/13.jpg]
[www.goldenaesthetics.in/uploads/before_after/14.jpg]
[www.goldenaesthetics.in/uploads/before_after/15.jpg]
[www.goldenaesthetics.in/uploads/before_after/3.jpg]
[www.goldenaesthetics.in/uploads/before_after/5 (1).jpg]
[www.goldenaesthetics.in/uploads/before_after/9.jpg]
[www.goldenaesthetics.in/uploads/before_after/12.jpg]
[www.goldenaesthetics.in/uploads/before_after/20.jpg]
[www.goldenaesthetics.in/uploads/before_after/21.jpg]
[www.goldenaesthetics.in/uploads/before_after/23.jpg]
[www.goldenaesthetics.in/uploads/before_after/24.jpg]
[www.goldenaesthetics.in/uploads/before_after/25.jpg]
[www.goldenaesthetics.in/uploads/before_after/26.jpg]
[www.goldenaesthetics.in/uploads/before_after/27.jpg]
[www.goldenaesthetics.in/uploads/before_after/29.jpg]
[www.goldenaesthetics.in/uploads/before_after/31.jpg]
[www.goldenaesthetics.in/uploads/before_after/33.jpg]
[www.goldenaesthetics.in/uploads/before_after/34.jpg]
[www.goldenaesthetics.in/uploads/before_after/36.jpg]
[www.goldenaesthetics.in/uploads/before_after/37.jpg]
[www.goldenaesthetics.in/uploads/before_after/38.jpg]
[www.goldenaesthetics.in/uploads/before_after/39.jpg]
[www.goldenaesthetics.in/uploads/before_after/40.jpg]
[www.goldenaesthetics.in/uploads/before_after/41.jpg]
[www.goldenaesthetics.in/uploads/before_after/42.jpg]
[www.goldenaesthetics.in/uploads/before_after/43.jpg]
[www.goldenaesthetics.in/uploads/before_after/44.jpg]
[www.goldenaesthetics.in/uploads/before_after/45.jpg]
[www.goldenaesthetics.in/uploads/before_after/46.jpg]
[www.goldenaesthetics.in/uploads/before_after/47.jpg]
[www.goldenaesthetics.in/uploads/before_after/48.jpg]
[www.goldenaesthetics.in/uploads/before_after/49.jpg]
[www.goldenaesthetics.in/uploads/before_after/50.jpg]
[www.goldenaesthetics.in/uploads/before_after/51.jpg]
[www.goldenaesthetics.in/uploads/before_after/52.jpg]
[www.goldenaesthetics.in/uploads/before_after/53.jpg]
[www.goldenaesthetics.in/uploads/before_after/54.jpg]
[www.goldenaesthetics.in/uploads/before_after/9 (1).jpg]
[www.goldenaesthetics.in/uploads/before_after/10 (1).jpg]
[www.goldenaesthetics.in/uploads/before_after/28.jpg]
[www.goldenaesthetics.in/uploads/before_after/35.jpg]
[www.goldenaesthetics.in/uploads/before_after/7.jpg]
[www.goldenaesthetics.in/uploads/before_after/2 (2).jpg]
[www.goldenaesthetics.in/uploads/before_after/2.jpg]
[www.goldenaesthetics.in/uploads/before_after/11 (2).jpg]
[www.goldenaesthetics.in/uploads/before_after/13 (1).jpg]
[www.goldenaesthetics.in/uploads/before_after/4.jpg]
[www.goldenaesthetics.in/uploads/before_after/5.jpg]
[www.goldenaesthetics.in/uploads/before_after/6.jpg]
[www.goldenaesthetics.in/uploads/before_after/16.jpg]
[www.goldenaesthetics.in/uploads/before_after/18.jpg]
[www.goldenaesthetics.in/uploads/before_after/19.jpg]
[www.goldenaesthetics.in/uploads/before_after/rishabh.jpg]
[www.goldenaesthetics.in/images/doctor-pic.png]
[www.goldenaesthetics.in/whats.webp]
[www.goldenaesthetics.in/pone.webp]
[www.goldenaesthetics.in/js/monaka.js]
[www.goldenaesthetics.in/before-after.html]
[www.googletagmanager.com/gtm5445.html]
[cdn.jsdelivr.net/npm/bootstrap@5.0.0-beta3/dist/css/bootstrap.min.css]
[cdnjs.cloudflare.com/ajax/libs/font-awesome/4.7.0/css/font-awesome.min.css]
[unpkg.com/swiper@11.0.5/swiper-bundle.css]
[unpkg.com/ionicons@5.4.0/dist/ionicons.js]
[www.goldenaesthetics.in/images/footer-arrow.png]
[www.goldenaesthetics.in/images/bg2.png]
[www.goldenaesthetics.in/images/whybg.png]
[www.goldenaesthetics.in/images/ourservicebg.png]
[www.goldenaesthetics.in/images/icon.png]
[www.goldenaesthetics.in/images/formbg.png]
[www.goldenaesthetics.in/css/style.css]
[www.goldenaesthetics.in/venobox/venobox.css]
[ajax.googleapis.com/ajax/libs/jquery/2.1.1/jquery.min.js]
[www.goldenaesthetics.in/images/bg2.jpg]
[goldenaesthetics.in/images/B-1.jpg]
[goldenaesthetics.in/images/B-2.jpg]
[goldenaesthetics.in/images/B-3.jpg]
[goldenaesthetics.in/images/B-4.jpg]
[goldenaesthetics.in/images/banner2.png]
[goldenaesthetics.in/images/trust.png]
[goldenaesthetics.in/images/quality.png]
[goldenaesthetics.in/images/clock.png]
[goldenaesthetics.in/images/dbg.png]
[goldenaesthetics.in/images/doctor.png]
[goldenaesthetics.in/images/whyicon1.png]
[goldenaesthetics.in/images/whyicon2.png]
[goldenaesthetics.in/images/whyicon3.png]
[goldenaesthetics.in/images/whyicon4.png]
[goldenaesthetics.in/images/whyicon5.png]
[goldenaesthetics.in/images/whyicon6.png]
[goldenaesthetics.in/images/level1.png]
[goldenaesthetics.in/images/level2.png]
[goldenaesthetics.in/images/level3.png]
[goldenaesthetics.in/images/level4.png]
[goldenaesthetics.in/images/level5.png]
[goldenaesthetics.in/images/level6.png]
[goldenaesthetics.in/images/surgical.png]
[goldenaesthetics.in/images/nitish.png]
[goldenaesthetics.in/images/raghav.png]
[goldenaesthetics.in/images/jatinder.png]
[goldenaesthetics.in/images/sandeep.png]
[goldenaesthetics.in/images/davinder.png]
[goldenaesthetics.in/images/iaaps.jpg]
[unpkg.com/sweetalert/dist/sweetalert.min.93.delayed]
[unpkg.com/sweetalert@2.1.2/dist/sweetalert.min.js]
[code.jquery.com/jquery-1.12.4.js]
[code.jquery.com/ui/1.12.1/jquery-ui.js]
[code.jquery.com/jquery-3.6.0.min.js]
[goldenaesthetics.in/venobox/venobox.min.js]
[cdn.jsdelivr.net/npm/bootstrap@5.0.0-beta3/dist/js/bootstrap.bundle.min.js]
[cdn.jsdelivr.net/npm/feather-icons/dist/feather.min.js]
[unpkg.com/swiper/swiper-bundle.min.9b.delayed]
[unpkg.com/swiper@11.0.5/swiper-bundle.min.js]
[connect.facebook.net/en_GB/sdk.js]
[www.goldenaesthetics.in/index.html]
[www.goldenaesthetics.in/images/Shape.png]
[www.goldenaesthetics.in/images/doctor-icon.png]
[www.goldenaesthetics.in/images/ambulance.png]
[www.goldenaesthetics.in/images/pharmacy.png]
[www.goldenaesthetics.in/about-us.html]
[www.goldenaesthetics.in/images/servicesbg.png]
[www.goldenaesthetics.in/images/transbg.png]
[www.goldenaesthetics.in/uploads/services_icon/icon1.png]
[www.goldenaesthetics.in/uploads/services_icon/icon4.png]
[www.goldenaesthetics.in/uploads/services_icon/icon5.png]
[www.goldenaesthetics.in/uploads/services_icon/Eyelid.png]
[www.goldenaesthetics.in/uploads/services_icon/icon7.png]
[www.goldenaesthetics.in/uploads/services_icon/icon8.png]
[www.goldenaesthetics.in/uploads/services_icon/icon9.png]
[www.goldenaesthetics.in/uploads/services_icon/Hymenoplasty.png]
[www.goldenaesthetics.in/uploads/services_icon/Scar-rivison.png]
[www.goldenaesthetics.in/uploads/services_icon/Optoplasty.png]
[www.goldenaesthetics.in/uploads/services_icon/Tummy-tuck.png]
[www.goldenaesthetics.in/uploads/services_icon/Split-earlobe.png]
[www.goldenaesthetics.in/uploads/services_icon/Face-lift.png]
[www.goldenaesthetics.in/uploads/services_icon/Breast-Augmentation.png]
[www.goldenaesthetics.in/uploads/services_icon/iconb.png]
[www.goldenaesthetics.in/uploads/services_icon/icone.png]
[www.goldenaesthetics.in/uploads/services_icon/iconw.png]
[www.goldenaesthetics.in/uploads/services_icon/iconm.png]
[www.goldenaesthetics.in/uploads/services_icon/Dermal-filler.png]
[www.goldenaesthetics.in/uploads/services_icon/Thread-lift.png]
[www.goldenaesthetics.in/uploads/services_icon/Chemical-peels.png]
[www.goldenaesthetics.in/uploads/services_icon/PRP-hair.png]
[www.goldenaesthetics.in/uploads/services_icon/PRP-face.png]
[www.goldenaesthetics.in/uploads/services_icon/Mesotherapy-face.png]
[www.goldenaesthetics.in/uploads/services_icon/Mesotherapy-hair.png]
[www.goldenaesthetics.in/service.html]
[www.goldenaesthetics.in/images/contactbg.png]
[www.goldenaesthetics.in/images/right-arrow.png]
[www.goldenaesthetics.in/uploads/services/Hair Transplant-min.png]
[www.goldenaesthetics.in/services_detail/best-hair-transplant-clinic-in-punjab.html]
[www.goldenaesthetics.in/uploads/services/Beard transplant-min.png]
[www.goldenaesthetics.in/services_detail/beard-transplant-in-india.html]
[www.goldenaesthetics.in/uploads/services/D.png]
[www.goldenaesthetics.in/services_detail/eyebrow-transplant-in-india.html]
[www.goldenaesthetics.in/uploads/services/B.png]
[www.goldenaesthetics.in/services_detail/hair-transplant-for-women-in-india.html]
[www.goldenaesthetics.in/uploads/services/men hair transplant-min.png]
[www.goldenaesthetics.in/services_detail/hair-transplant-for-mens.html]
[www.goldenaesthetics.in/uploads/services/Dimple creation-min.png]
[www.goldenaesthetics.in/services_detail/dimple-creation-in-india.html]
[www.goldenaesthetics.in/uploads/services/rhinoplasty-min.png]
[www.goldenaesthetics.in/services_detail/nose-plastic-surgery-in-india.html]
[www.goldenaesthetics.in/uploads/services/Eyelid-min.png]
[www.goldenaesthetics.in/services_detail/eyelid-plastic-surgery.html]
[www.goldenaesthetics.in/uploads/services/body countring-min.jpg]
[www.goldenaesthetics.in/services_detail/body-contouring-surgery-in-india.html]
[www.goldenaesthetics.in/uploads/services/gynaecomastia.jpg]
[www.goldenaesthetics.in/services_detail/best-gynecomastia-surgery-in-india.html]
[www.goldenaesthetics.in/uploads/services/Liposuction-min.png]
[www.goldenaesthetics.in/services_detail/best-liposuction-surgery-in-india.html]
[www.goldenaesthetics.in/uploads/services/hymenoplasty.jpg]
[www.goldenaesthetics.in/services_detail/hymenoplasty-surgery-in-india.html]
[www.goldenaesthetics.in/uploads/services/A-min.jpg]
[www.goldenaesthetics.in/services_detail/plastic-surgery-for-scars-on-face.html]
[www.goldenaesthetics.in/uploads/services/otoplasty-min.jpg]
[www.goldenaesthetics.in/services_detail/otoplasty-surgery-in-india.html]
[www.goldenaesthetics.in/uploads/services/Tummy Tuck-min.jpg]
[www.goldenaesthetics.in/services_detail/tummy-tuck-in-india.html]
[www.goldenaesthetics.in/uploads/services/ear lobe-min.png]
[www.goldenaesthetics.in/services_detail/face-split-earlobe-repair-in-india.html]
[www.goldenaesthetics.in/uploads/services/facelift.jpg]
[www.goldenaesthetics.in/services_detail/face-lift-plastic-surgery-in-india.html]
[www.goldenaesthetics.in/uploads/services/breastaugmentation.jpg]
[www.goldenaesthetics.in/services_detail/breast-augmentation-surgery-in-india.html]
[www.goldenaesthetics.in/uploads/services/dermalfiller.jpg]
[www.goldenaesthetics.in/services_detail/dermal-filler-treatment-in-india.html]
[www.goldenaesthetics.in/uploads/services/Thread Lift-min.jpg]
[www.goldenaesthetics.in/services_detail/thread-lift-treatment-in-india.html]
[www.goldenaesthetics.in/uploads/services/Chemical peel-min.png]
[www.goldenaesthetics.in/services_detail/chemical-peel-treatment-in-india.html]
[www.goldenaesthetics.in/uploads/services/PRP hair-min.jpg]
[www.goldenaesthetics.in/services_detail/plasma-hair-treatment.html]
[www.goldenaesthetics.in/uploads/services/PRP face-min.jpg]
[www.goldenaesthetics.in/services_detail/plasma-face-treatment.html]
[www.goldenaesthetics.in/uploads/services/meshotherapy for face-min.png]
[www.goldenaesthetics.in/services_detail/mesotherapy-face-treatment.html]
[www.goldenaesthetics.in/uploads/services/meshotherapy for hair-min.png]
[www.goldenaesthetics.in/services_detail/mesotherapy-hair-treatment.html]
[www.goldenaesthetics.in/images/goldenbg.png]
[www.goldenaesthetics.in/images/1.jpg]
[www.goldenaesthetics.in/images/2.jpg]
[www.goldenaesthetics.in/images/3.jpg]
[www.goldenaesthetics.in/images/4.jpg]
[www.goldenaesthetics.in/media-events.html]
[www.goldenaesthetics.in/images/gallery1.png]
[www.goldenaesthetics.in/images/gallery2.png]
[www.goldenaesthetics.in/images/gallery3.png]
[www.goldenaesthetics.in/images/gallery7.png]
[www.goldenaesthetics.in/images/gallery8.png]
[www.goldenaesthetics.in/images/gallery9.png]
[www.goldenaesthetics.in/images/gallery4.png]
[www.goldenaesthetics.in/images/gallery5.png]
[www.goldenaesthetics.in/images/gallery6.png]
[www.goldenaesthetics.in/gallery.html]
[www.goldenaesthetics.in/images/contactformbg.png]
[www.goldenaesthetics.in/images/back.jpg]
[www.goldenaesthetics.in/images/iconbg.png]
[www.goldenaesthetics.in/images/medical.png]
[maxcdn.bootstrapcdn.com/bootstrap/4.0.0/css/bootstrap.min.css]
[cdnjs.cloudflare.com/ajax/libs/jquery/3.3.1/jquery.min.js]
[maxcdn.bootstrapcdn.com/bootstrap/4.0.0/js/bootstrap.min.js]
[cdn.jsdelivr.net/gh/kenwheeler/slick@1.8.1/slick/slick-theme.css]
[cdn.jsdelivr.net/npm/slick-carousel@1.8.1/slick/slick.css]
[cdn.jsdelivr.net/npm/slick-carousel@1.8.1/slick/slick.min.js]
[img.icons8.com/ultraviolet/40/000000/quote-left.png]
[www.goldenaesthetics.in/logo/certificate.jpg]
[www.goldenaesthetics.in/images/distance.png]
[www.goldenaesthetics.in/medical-tourism.html]
[www.goldenaesthetics.in/uploads/blogimages/Thread Lift Treatment in India.jpg]
[www.goldenaesthetics.in/uploads/blogimages/Body Contouring Surgery in India.jpg]
[www.goldenaesthetics.in/blog-detail/give-your-skin-a-youthful-look-with-thread-lift-treatment-in-india.html]
[www.goldenaesthetics.in/blog-detail/remove-the-unwanted-skin-with-body-contouring-surgery-in-india.html]
[www.goldenaesthetics.in/uploads/blogimages/PRP Hair Treatment.jpg]
[www.goldenaesthetics.in/blog-detail/consult-dr-Harkirandeep-singh-for-the-best-prp-hair-treatment-in-india.html]
[www.goldenaesthetics.in/uploads/blogimages/Beard Transplant in Amritsar.jpg]
[www.goldenaesthetics.in/blog-detail/get-a-well-defined-face-look-with-beard-trasnplant-in-amritsar.html]
[www.goldenaesthetics.in/uploads/blogimages/Hair Fall Treatment.jpg]
[www.goldenaesthetics.in/blog-detail/guide-to-get-effective-solutions-for-hair-fall-treatment-in-amritsar.html]
[www.goldenaesthetics.in/uploads/blogimages/hair transplant doctor in india.jpg]
[www.goldenaesthetics.in/blog-detail/get-extensive-hair-revision-by-the-best-hair-transplant-doctor-in-india.html]
[www.goldenaesthetics.in/uploads/blogimages/Plastic Surgeon.jpg]
[www.goldenaesthetics.in/blog-detail/how-does-the-best-plastic-surgeon-in-amritsar-help-you-get-the-beatiful-you.html]
[www.goldenaesthetics.in/uploads/blogimages/BeardTransplant.jpg]
[www.goldenaesthetics.in/blog-detail/13-things-to-know-about-beard-transplant-to-get-a-perfect-before-and-after-look.html]
[www.goldenaesthetics.in/uploads/blogimages/hymen-min.png]
[www.goldenaesthetics.in/blog-detail/11-things-you-need-to-know-about-hymen-repair-in-india.html]
[www.goldenaesthetics.in/uploads/blogimages/Rhinoplasty.jpg]
[www.goldenaesthetics.in/blog-detail/know-these-important-things-before-getting-the-best-rhinoplasty-surgery-in-india.html]
[www.goldenaesthetics.in/uploads/blogimages/Hair fall.jpg]
[www.goldenaesthetics.in/blog-detail/hair-fall-in-men-and-women.html]
[www.goldenaesthetics.in/uploads/blogimages/diabetic.jpg]
[www.goldenaesthetics.in/blog-detail/is-hair-transplant-realizable-for-diabetic-people.html]
[www.goldenaesthetics.in/uploads/blogimages/B-1.jpg]
[www.goldenaesthetics.in/blog-detail/things-to-consider-before-having-a-hair-transplant.html]
[www.goldenaesthetics.in/uploads/blogimages/B-1-min.jpg]
[www.goldenaesthetics.in/blog-detail/chest-implants-for-men-what-you-need-to-know.html]
[www.goldenaesthetics.in/uploads/blogimages/shape.jpg]
[www.goldenaesthetics.in/blog-detail/ways-you-can-reshape-your-ears.html]
[www.goldenaesthetics.in/uploads/blogimages/feature-image.png]
[www.goldenaesthetics.in/blog-detail/trust-golden-aesthetics-for-the-latest-hair-gain-therapies.html]
[www.goldenaesthetics.in/uploads/blogimages/Main-Image.jpg]
[www.goldenaesthetics.in/blog-detail/know-about-your-tummy-tuck-recovery.html]
[www.goldenaesthetics.in/uploads/blogimages/10 myths.jpg]
[www.goldenaesthetics.in/blog-detail/10-myths-about-hair-transplant.html]
[www.goldenaesthetics.in/uploads/blogimages/Main-Image (1) (1).jpg]
[www.goldenaesthetics.in/blog-detail/liposuction-surgery-everything-you-want-to-know.html]
[www.goldenaesthetics.in/uploads/blogimages/Feature-Imags.png]
[www.goldenaesthetics.in/blog-detail/does-prp-treatment-for-the-face-really-work-for-wrinkles.html]
[www.goldenaesthetics.in/uploads/blogimages/2.jpg]
[www.goldenaesthetics.in/blog.html]
[www.goldenaesthetics.in/blog-detail/suffering-from-baldness-here-all-you-need-to-know-about-the-procedure-of-hair-transplant.html]
[www.goldenaesthetics.in/images/placeholder.png]
[www.goldenaesthetics.in/images/telephone.png]
[www.goldenaesthetics.in/images/mail.png]
[www.goldenaesthetics.in/contact-us.html]
[connect.facebook.net/en_GB/sdk.js]
[www.goldenaesthetics.in/icon1.html]
[www.goldenaesthetics.in/icon4.html]
[www.goldenaesthetics.in/icon5.html]
[www.goldenaesthetics.in/Eyelid.html]
[www.goldenaesthetics.in/icon7.html]
[www.goldenaesthetics.in/icon8.html]
[www.goldenaesthetics.in/icon9.html]
[www.goldenaesthetics.in/Hymenoplasty.html]
[www.goldenaesthetics.in/Scar-rivison.html]
[www.goldenaesthetics.in/Optoplasty.html]
[www.goldenaesthetics.in/Tummy-tuck.html]
[www.goldenaesthetics.in/Split-earlobe.html]
[www.goldenaesthetics.in/Face-lift.html]
[www.goldenaesthetics.in/Breast-Augmentation.html]
[www.goldenaesthetics.in/iconb.html]
[www.goldenaesthetics.in/icone.html]
[www.goldenaesthetics.in/iconw.html]
[www.goldenaesthetics.in/iconm.html]
[www.goldenaesthetics.in/services_detail/images/Favicon.html]
[www.goldenaesthetics.in/path/to/dist/css/image-zoom.html]
[www.goldenaesthetics.in/path/to/cdn/jquery.min.html]
[www.goldenaesthetics.in/path/to/dist/js/image-zoom.min.html]
[maxcdn.bootstrapcdn.com/bootstrap/4.0.0/css/bootstrap.min.css]
[www.goldenaesthetics.in/custom.html]
[cdn.jsdelivr.net/gh/kenwheeler/slick@1.8.1/slick/ajax-loader.gif]
[cdn.jsdelivr.net/gh/kenwheeler/slick@1.8.1/slick/fonts/slick.eot]
[cdn.jsdelivr.net/gh/kenwheeler/slick@1.8.1/slick/fonts/slickd41d.eot]
[cdn.jsdelivr.net/gh/kenwheeler/slick@1.8.1/slick/fonts/slick.woff]
[cdn.jsdelivr.net/gh/kenwheeler/slick@1.8.1/slick/fonts/slick.ttf]
[cdn.jsdelivr.net/gh/kenwheeler/slick@1.8.1/slick/fonts/slick.svg]
[cdn.jsdelivr.net/gh/kenwheeler/slick@1.8.1/slick/slick-theme.css]
[cdn.jsdelivr.net/npm/slick-carousel@1.8.1/slick/slick.css]
[www.goldenaesthetics.in/blog-detail/give-your-skin-a-youthful-look-with-thread-lift-treatment-in-india.html]
[www.goldenaesthetics.in/blog-2.html]
[www.goldenaesthetics.in/blog-detail/remove-the-unwanted-skin-with-body-contouring-surgery-in-india.html]
[www.goldenaesthetics.in/blog-detail/consult-dr-Harkirandeep-singh-for-the-best-prp-hair-treatment-in-india.html]
[www.goldenaesthetics.in/blog-detail/get-a-well-defined-face-look-with-beard-trasnplant-in-amritsar.html]
[www.goldenaesthetics.in/blog-detail/guide-to-get-effective-solutions-for-hair-fall-treatment-in-amritsar.html]
[www.goldenaesthetics.in/blog-detail/get-extensive-hair-revision-by-the-best-hair-transplant-doctor-in-india.html]
[www.goldenaesthetics.in/blog-detail/how-does-the-best-plastic-surgeon-in-amritsar-help-you-get-the-beatiful-you.html]
[www.goldenaesthetics.in/blog-detail/13-things-to-know-about-beard-transplant-to-get-a-perfect-before-and-after-look.html]
[www.goldenaesthetics.in/blog-detail/11-things-you-need-to-know-about-hymen-repair-in-india.html]
[www.goldenaesthetics.in/blog-detail/know-these-important-things-before-getting-the-best-rhinoplasty-surgery-in-india.html]
[www.goldenaesthetics.in/blog-detail/hair-fall-in-men-and-women.html]
[www.goldenaesthetics.in/blog-detail/is-hair-transplant-realizable-for-diabetic-people.html]
[www.goldenaesthetics.in/blog-detail/things-to-consider-before-having-a-hair-transplant.html]
[www.goldenaesthetics.in/blog-detail/chest-implants-for-men-what-you-need-to-know.html]
[www.goldenaesthetics.in/blog-detail/ways-you-can-reshape-your-ears.html]
[www.goldenaesthetics.in/blog-detail/trust-golden-aesthetics-for-the-latest-hair-gain-therapies.html]
[www.goldenaesthetics.in/blog-detail/know-about-your-tummy-tuck-recovery.html]
[www.goldenaesthetics.in/blog-detail/10-myths-about-hair-transplant.html]
[www.goldenaesthetics.in/blog-detail/liposuction-surgery-everything-you-want-to-know.html]
[www.goldenaesthetics.in/blog-detail/does-prp-treatment-for-the-face-really-work-for-wrinkles.html]
[www.goldenaesthetics.in/blog-detail/suffering-from-baldness-here-all-you-need-to-know-about-the-procedure-of-hair-transplant.html]
[cdn.jsdelivr.net/gh/kenwheeler/slick@1.8.1/slick/fonts/slick.svg]
[www.goldenaesthetics.in/blog-detail/images/Favicon.html]
[www.goldenaesthetics.in/blog-2.html]
